
   PASS  Tests\Unit\EconomicCalendarTest
  Γ£ô get economic calendar returns formΓÇª 0.47s  

   PASS  Tests\Unit\ExampleTest
  Γ£ô that true is true                   0.03s  

   PASS  Tests\Unit\MachineLearningTest
  Γ£ô linear regression prediction        0.04s  
  Γ£ô xgboost prediction                  6.09s  
  Γ£ô monte carlo simulation              0.04s  

   WARN  Tests\Unit\PredictionServiceTest
  ! get scalping signal runs without uΓÇª 0.08s  

   PASS  Tests\Unit\TechnicalAnalysisTest
  Γ£ô calculate ema
  Γ£ô calculate rsi
  Γ£ô calculate macd
  Γ£ô calculate bollinger bands
  Γ£ô find support resistance
  Γ£ô calculate atr
  Γ£ô calculate stochastic
  Γ£ô calculate adx
  Γ£ô calculate pivot points
  Γ£ô detect volume spike
  Γ£ô detect candlestick patterns
  Γ£ô calculate hurst exponent
  Γ£ô calculate fractal dimension
  Γ£ô apply zscore
  Γ£ô calculate chandelier exit

   PASS  Tests\Feature\ExampleTest
  Γ£ô the application returns a successfΓÇª 0.12s  

   PASS  Tests\Feature\MarketIntegration\BinanceApiTest
  Γ£ô binance ping endpoint is reachable  0.42s  
  Γ£ô binance klines returns expected ohΓÇª 0.43s  
  Γ£ô binance ticker 24hr returns expectΓÇª 0.44s  
  Γ£ô binance bulk ticker returns arrayΓÇª  2.01s  

   WARN  Tests\Feature\MarketIntegration\FinnhubApiTest
  - finnhub market news endpoint retuΓÇª 10.07s  
  Γ£ô finnhub company news endpoint retuΓÇª 1.37s  
  - finnhub stock search returns resuΓÇª 10.07s  
  Γ£ô finnhub stock metric returns valuaΓÇª 4.96s  
  Γ£ô finnhub recommendation returns anaΓÇª 3.98s  

   PASS  Tests\Feature\MarketIntegration\ForexApiTest
  Γ£ô exchange rate api ping is reachablΓÇª 0.47s  
  Γ£ô exchange rate api returns usd convΓÇª 0.42s  
  Γ£ô forex market service get forex ratΓÇª 0.45s  
  Γ£ô forex history returns time seriesΓÇª  0.43s  

   PASS  Tests\Feature\MarketIntegration\YahooFinanceApiTest
  Γ£ô yahoo v8 chart returns valid stockΓÇª 0.18s  
  Γ£ô yahoo v7 bulk quote returns multipΓÇª 1.09s  
  Γ£ô yahoo crumb cookie authenticationΓÇª  0.62s  
  Γ£ô yahoo stock candle data returns ohΓÇª 0.19s  
  Γ£ô yahoo major indices return valid dΓÇª 1.09s  

   PASS  Tests\Feature\Security\InputValidationTest
  Γ£ô symbol array input returns 422      0.08s  
  Γ£ô valid symbol input works            4.61s  
  Γ£ô invalid interval input returns 422  0.06s  
  Γ£ô invalid limit input returns 422     0.04s  
  Γ£ô batch predictions malformed symbolΓÇª 5.50s  

   PASS  Tests\Feature\Security\RateLimitTest
  Γ£ô api rate limiting is active         0.23s  

   PASS  Tests\Feature\Security\RobustnessTest
  Γ£ô ml handles large dataset            8.19s  
  Γ£ô coingecko specific id fallback      0.04s  
  Γ£ô terminal crpr handles missing data  0.05s  

  Tests:    1 risky, 2 skipped, 46 passed (279 assertions)
  Duration: 64.84s

